// Vitest Snapshot v1, https://vitest.dev/guide/snapshot.html

exports[`HomePage snapshot > matches snapshot 1`] = `
<DocumentFragment>
  <div
    class="w-full h-full"
    style="opacity: 0; transform: translateY(20px);"
  >
    <div
      class="flex flex-col h-full max-w-2xl mx-auto p-4 space-y-4"
    >
      <div
        class="flex-grow overflow-auto space-y-2"
      >
        <div />
      </div>
      <div
        class="flex space-x-2"
      >
        <input
          class="flex-grow p-2 border rounded"
          placeholder="Type your messageâ€¦"
          type="text"
          value=""
        />
        <button
          class="px-4 py-2 bg-soullab-fire text-white rounded disabled:opacity-50"
          disabled=""
        >
          Send
        </button>
      </div>
    </div>
  </div>
</DocumentFragment>
`;
